[dotenv@17.3.1] injecting env (11) from .env -- tip: ≡ƒñû agentic secret storage: https://dotenvx.com/as2
STATUS: 500
BODY: {"message":"Internal server error","error":"Cannot read properties of undefined (reading 'TokenExpiredError')","stack":"TypeError: Cannot read properties of undefined (reading 'TokenExpiredError')\n    at C:\\Users\\Harish\\Documents\\Eyelevel\\Websites\\Project Managemnet Antigravity\\backend\\src\\middleware\\auth.middleware.js:76:63\n    at step (C:\\Users\\Harish\\Documents\\Eyelevel\\Websites\\Project Managemnet Antigravity\\backend\\src\\middleware\\auth.middleware.js:33:23)\n    at Object.next (C:\\Users\\Harish\\Documents\\Eyelevel\\Websites\\Project Managemnet Antigravity\\backend\\src\\middleware\\auth.middleware.js:14:53)\n    at C:\\Users\\Harish\\Documents\\Eyelevel\\Websites\\Project Managemnet Antigravity\\backend\\src\\middleware\\auth.middleware.js:8:71\n    at new Promise (<anonymous>)\n    at __awaiter (C:\\Users\\Harish\\Documents\\Eyelevel\\Websites\\Project Managemnet Antigravity\\backend\\src\\middleware\\auth.middleware.js:4:12)\n    at verifyJWT (C:\\Users\\Harish\\Documents\\Eyelevel\\Websites\\Project Managemnet Antigravity\\backend\\src\\middleware\\auth.middleware.js:42:52)\n    at Layer.handleRequest (C:\\Users\\Harish\\Documents\\Eyelevel\\Websites\\Project Managemnet Antigravity\\backend\\node_modules\\router\\lib\\layer.js:152:17)\n    at trimPrefix (C:\\Users\\Harish\\Documents\\Eyelevel\\Websites\\Project Managemnet Antigravity\\backend\\node_modules\\router\\index.js:342:13)\n    at C:\\Users\\Harish\\Documents\\Eyelevel\\Websites\\Project Managemnet Antigravity\\backend\\node_modules\\router\\index.js:297:9"}
